// Jest Snapshot v1, https://goo.gl/fbAQLP

exports[`ts-rhl-transformer-prod drop-hot drop-hot.prod.js 1`] = `
"import React from 'react';
import { hot, foo } from 'react-hot-loader';
import { hot as namedHot, foo as namedFoo } from 'react-hot-loader';
import { hot as namedHot2 } from 'react-hot-loader';
import { hot as notRHLHot } from 'not-react-hot-loader';
import * as RHL from 'react-hot-loader';
import * as RHL2 from 'react-hot-loader';
import * as NOTRHL from 'not-react-hot-loader';
const App = () => <div>Hello World!</div>;
const a = App;
const b = App;
const c = App;
const d = App;
const e = App;
foo(module)(App);
notRHLHot(module)(App);
namedFoo(module)(App);
RHL.foo(module)(App);
NOTRHL.hot(module)(App);
export { a, b, c, d, e };
"
`;
